........................................................................ [ 14%]
........................................................................ [ 28%]
